[internee.pk/index.html]
[internee.pk/images/fav.png]
[internee.pk/favicon.1.delayed]
[backblue.gif]
[fade.gif]
[index.html]
[pagead2.googlesyndication.com/pagead/js/faaa7.txt]
[internee.pk/images/logo.webp]
[internee.pk/css/bootstrap.min.css]
[internee.pk/css/bootstrap-icons.css]
[internee.pk/css/owl.carousel.min.css]
[internee.pk/css/owl.theme.default.min.css]
[internee.pk/css/tooplate-gotto-job.css]
[internee.pk/wp-includes/css/dist/block-library/style.min.css]
[internee.pk/wp-content/themes/custom-theme/style.css]
[stackpath.bootstrapcdn.com/bootstrap/4.3.1/css/bootstrap.min5b31.css]
[cdnjs.cloudflare.com/ajax/libs/font-awesome/5.9.0/css/all.minad76.css]
[cdnjs.cloudflare.com/ajax/libs/remodal/1.1.1/remodal.minc64e.css]
[cdnjs.cloudflare.com/ajax/libs/remodal/1.1.1/remodal-default-theme.minc64e.css]
[unpkg.com/aos@2.3.1/dist/aos.css]
[unpkg.com/tippy.js@6.3.7/dist/tippy.css]
[unpkg.com/tippy.js@6.3.7/themes/light.css]
[unpkg.com/tippy.js@6.3.7/themes/material.css]
[internee.pk/wp-content/themes/custom-theme/assets/style-main.css]
[cdnjs.cloudflare.com/ajax/libs/slick-carousel/1.9.0/slick.min8162.css]
[internee.pk/wp-includes/js/jquery/jquery.min.js]
[internee.pk/wp-includes/js/jquery/jquery-migrate.min.js]
[internee.pk/wp-content/plugins/duracelltomi-google-tag-manager/js/analytics-talk-content-tracking7100.js]
[stackpath.bootstrapcdn.com/bootstrap/4.3.1/js/bootstrap.min5b31.js]
[cdnjs.cloudflare.com/ajax/libs/remodal/1.1.1/remodal.minc64e.js]
[cdnjs.cloudflare.com/ajax/libs/ScrollToFixed/1.0.8/jquery-scrolltofixed-min1ff7.js]
[cdnjs.cloudflare.com/ajax/libs/jquery.matchHeight/0.7.2/jquery.matchHeight-min230a.js]
[cdn.jsdelivr.net/gh/cferdinandi/smooth-scroll@15.0.0/dist/smooth-scroll.polyfills.min579a.js]
[unpkg.com/aos@2.3.1/dist/aos.js]
[internee.pk/wp-content/themes/custom-theme/assets/in-viewport-class.min.js]
[internee.pk/wp-content/themes/custom-theme/assets/script-main.js]
[internee.pk/internship.html]
[internee.pk/company.html]
[internee.pk/contact.html]
[internee.pk/incubation.jpg]
[internee.pk/nep.png]
[internee.pk/nic.png]
[internee.pk/images/hero.webp]
[internee.pk/web-design.html]
[internee.pk/images/jobs/FrontEnd.webp]
[internee.pk/images/jobs/cloud.webp]
[internee.pk/graphic.html]
[internee.pk/images/jobs/logo-designer-working-computer-desktop.webp]
[internee.pk/web-development.html]
[internee.pk/images/jobs/BackendDevelopment.webp]
[internee.pk/images/jobs/portrait-woman-customer-service-worker.webp]
[internee.pk/mobile-development.html]
[internee.pk/images/jobs/Mobile App Developer.webp]
[internee.pk/chatbot.html]
[internee.pk/images/jobs/chatbotDevelopment.webp]
[internee.pk/images/jobs/marketing-assistant.webp]
[internee.pk/images/jobs/hack.webp]
[internee.pk/images/jobs/young-woman-teaching-english-lessons.webp]
[internee.pk/images/jobs/analysis.webp]
[internee.pk/figma.png]
[internee.pk/certificate.jpeg]
[internee.pk/mentor.jpeg]
[internee.pk/comunity.jpeg]
[firebasestorage.googleapis.com/v0/b/internee-pk.appspot.com/o/115850.png]
[internee.pk/wp-content/uploads/2021/03/account-multiple-plus-outline.svg]
[internee.pk/images/task.webp]
[internee.pk/images/lms.png]
[internee.pk/images/instructor.png]
[internee.pk/images/jobs/job.png]
[internee.pk/wp-content/uploads/2021/03/Icon-flow-v2.svg]
[internee.pk/programing.jpg]
[internee.pk/policy.html]
[internee.pk/privacy.html]
[internee.pk/wp-content/uploads/2021/03/icon-instagram-v2.svg]
[internee.pk/wp-content/uploads/2021/03/icon-twitter-v2.svg]
[js.hsforms.net/forms/v2.js]
[internee.pk/wp-content/plugins/infinite-scroll-and-load-more-ajax-pagination/js/jquery.infiniteloade35d.js]
[internee.pk/wp-content/plugins/infinite-scroll-and-load-more-ajax-pagination/js/infiniteload.js]
[internee.pk/wp-content/plugins/duracelltomi-google-tag-manager/js/gtm4wp-form-move-tracker7100.js]
[internee.pk/wp-content/themes/custom-theme/js/navigation4a7d.js]
[internee.pk/wp-content/themes/custom-theme/js/skip-link-focus-fix4a7d.js]
[internee.pk/index.html]
[internee.pk/favicon.html]
[internee.pk/css/bootstrap.min.css]
[cdnjs.cloudflare.com/ajax/libs/slick-carousel/1.9.0/slick.min8162.js]
[internee.pk/fonts/bootstrap-icons.6844df.delayed]
[internee.pk/fonts/bootstrap-icons.6944df.delayed]
[internee.pk/css/bootstrap-icons.css]
[internee.pk/css/owl.video.play.6a.delayed]
[internee.pk/css/owl.carousel.min.css]
[internee.pk/css/owl.theme.default.min.css]
[internee.pk/images/close-up-young-business-team-working.6b.delayed]
[internee.pk/images/millennial-group-young-businesspeople.6c.delayed]
[internee.pk/css/tooplate-gotto-job.css]
[internee.pk/wp-includes/css/dist/block-library/style.min.css]
[internee.pk/wp-content/plugins/infinite-scroll-and-load-more-ajax-pagination/css/infiniteload.css]
[internee.pk/wp-content/themes/custom-theme/style.css]
[stackpath.bootstrapcdn.com/bootstrap/4.3.1/css/bootstrap.min5b31.css]
[cdnjs.cloudflare.com/ajax/libs/font-awesome/5.9.0/css/all.minad76.css]
[cdnjs.cloudflare.com/ajax/libs/remodal/1.1.1/remodal.minc64e.css]
[cdnjs.cloudflare.com/ajax/libs/remodal/1.1.1/remodal-default-theme.minc64e.css]
[unpkg.com/aos@2.3.1/dist/aos.css]
[unpkg.com/tippy.js@6.3.7/dist/tippy.css]
[unpkg.com/tippy.js@6.3.7/themes/light.css]
[unpkg.com/tippy.js@6.3.7/themes/material.css]
[internee.pk/wp-content/themes/custom-theme/img/icon-blockquote-left.6d.delayed]
[internee.pk/wp-content/themes/custom-theme/img/newsletter/popup-newletter-bg.6e.delayed]
[internee.pk/wp-content/themes/custom-theme/img/newsletter/popup-newletter-mobile-bg.6f.delayed]
[cdnjs.cloudflare.com/ajax/libs/jquery-mobile/1.4.5/images/ajax-loader.gif]
[internee.pk/wp-content/themes/custom-theme/img/promo/promo-confetti.71.delayed]
[internee.pk/wp-content/themes/custom-theme/img/promo/promo-blob.72.delayed]
[internee.pk/wp-content/themes/custom-theme/img/hbspt/message-error.73.delayed]
[internee.pk/wp-content/themes/custom-theme/img/hbspt/message-success.74.delayed]
[internee.pk/wp-content/themes/custom-theme/img/icon-go-back.75.delayed]
[internee.pk/wp-content/themes/custom-theme/img/icon-check-inclusion.76.delayed]
[internee.pk/wp-content/themes/custom-theme/img/icon-faq-open.77.delayed]
[internee.pk/wp-content/themes/custom-theme/img/icon-faq-close.78.delayed]
[internee.pk/wp-content/themes/custom-theme/img/icon-faqv2-close.79.delayed]
[internee.pk/wp-content/themes/custom-theme/img/icon-faqv2-open.7a.delayed]
[internee.pk/wp-content/themes/custom-theme/img/icon-open-category.7b.delayed]
[internee.pk/wp-content/themes/custom-theme/img/callout-banner/calloutbanner-bg-gf.7c.delayed]
[internee.pk/wp-content/themes/custom-theme/assets/style-main.css]
[cdnjs.cloudflare.com/ajax/libs/slick-carousel/1.9.0/slick.min8162.css]
[www.googletagmanager.com/gtm5445.html]
[internee.pk/images/jobs/DataScience.webp]
[internee.pk/images/jobs/nextjs.webp]
[internee.pk/images/jobs/flutter.webp]
[internee.pk/images/jobs/react.webp]
[internee.pk/internship.html]
[internee.pk/1st-logo.jpg]
[internee.pk/company.html]
[internee.pk/contact.html]
[internee.pk/images/logos/htmlcssjs-overview.png]
[internee.pk/images/logos/React.png]
[seeklogo.com/images/W/wordpress-icon-logo-45667D3313-seeklogo.com.png]
[internee.pk/images/logos/angular.png]
[internee.pk/images/logos/django.jpg]
[internee.pk/images/logos/netcore.png]
[internee.pk/v.88.delayed]
[internee.pk/images/logos/NextJS.png]
[internee.pk/images/jobs/Machine Learning.webp]
[internee.pk/js/jquery.min.8b.delayed]
[internee.pk/js/bootstrap.min.8c.delayed]
[internee.pk/js/owl.carousel.min.8d.delayed]
[internee.pk/js/counter.8e.delayed]
[internee.pk/js/custom.8f.delayed]
[internee.pk/web-design.html]
[internee.pk/CookieConsentByFineshop=Accepted; max-age=2592000; path=/index.html]
[internee.pk/images/logos/photoshop.png]
[internee.pk/images/logos/ai.png]
[internee.pk/images/logos/maya.png]
[internee.pk/images/logos/figma.png]
[internee.pk/graphic.html]
[internee.pk/images/logos/mern.png]
[internee.pk/images/logos/mean.png]
[internee.pk/images/logos/php.png]
[internee.pk/images/logos/web30.png]
[internee.pk/images/logos/nodejs.png]
[internee.pk/web-development.html]
[internee.pk/images/logos/flutter.99.delayed]
[internee.pk/images/logos/react-native.png]
[internee.pk/images/logos/Swift.png]
[internee.pk/images/logos/andriod.png]
[internee.pk/mobile-development.html]
[internee.pk/images/logos/Dialogflow.png]
[internee.pk/images/logos/alexa.png]
[internee.pk/images/logos/rasa.png]
[internee.pk/images/logos/chatbot.png]
[internee.pk/images/logos/salesforce.png]
[internee.pk/chatbot.html]
[internee.pk/wp-content/uploads/2021/03/presentation-play.svg]
[internee.pk/wp-content/uploads/2021/03/account-multiple-plus-outline.svg]
[internee.pk/wp-content/uploads/2021/03/cellphone-link.svg]
[internee.pk/wp-content/uploads/2021/03/playlist-check.svg]
[internee.pk/wp-content/uploads/2021/03/cloud-check-outline.svg]
[internee.pk/wp-content/uploads/2021/03/magnify-plus-outline.svg]
[internee.pk/wp-content/uploads/2021/03/information-outline.svg]
[internee.pk/wp-content/uploads/2021/03/folder-multiple-outline.svg]
[internee.pk/wp-content/uploads/2021/03/text-box-search-outline.svg]
[internee.pk/wp-content/uploads/2021/03/shape-outline.svg]
[internee.pk/wp-content/uploads/2021/03/download.svg]
[internee.pk/wp-content/uploads/2021/03/checkbox-multiple-marked-outline.svg]
[internee.pk/wp-content/uploads/2021/03/order-bool-ascending-variant.svg]
[internee.pk/wp-content/uploads/2021/03/Icon-flow-v2.svg]
[internee.pk/wp-content/uploads/2021/04/icon-safe-secure.svg]
[internee.pk/wp-content/uploads/2021/04/icon-money-back-2.svg]
[internee.pk/policy.html]
[internee.pk/privacy.html]
[internee.pk/wp-content/uploads/2021/03/icon-youtube-v2.svg]
[internee.pk/wp-content/uploads/2021/03/icon-instagram-v2.svg]
[internee.pk/wp-content/uploads/2021/03/icon-fb-v2.svg]
[internee.pk/wp-content/uploads/2021/03/icon-twitter-v2.svg]
[internee.pk/fonts/bootstrap-icons44df.html]
[internee.pk/fonts/bootstrap-icons44df-2.html]
[internee.pk/css/owl.video.play.html]
[internee.pk/images/close-up-young-business-team-working.html]
[internee.pk/images/millennial-group-young-businesspeople.html]
[internee.pk/wp-content/themes/custom-theme/img/icon-blockquote-left.html]
[internee.pk/wp-content/themes/custom-theme/img/newsletter/popup-newletter-bg.html]
[internee.pk/wp-content/themes/custom-theme/img/newsletter/popup-newletter-mobile-bg.html]
[internee.pk/wp-content/themes/custom-theme/img/promo/promo-confetti.html]
[internee.pk/wp-content/themes/custom-theme/img/promo/promo-blob.html]
[internee.pk/wp-content/themes/custom-theme/img/hbspt/message-error.html]
[internee.pk/wp-content/themes/custom-theme/img/hbspt/message-success.html]
[internee.pk/wp-content/themes/custom-theme/img/icon-go-back.html]
[internee.pk/wp-content/themes/custom-theme/img/icon-check-inclusion.html]
[internee.pk/wp-content/themes/custom-theme/img/icon-faq-open.html]
[internee.pk/wp-content/themes/custom-theme/img/icon-faq-close.html]
[internee.pk/wp-content/themes/custom-theme/img/icon-faqv2-close.html]
[internee.pk/wp-content/themes/custom-theme/img/icon-faqv2-open.html]
[internee.pk/wp-content/themes/custom-theme/img/icon-open-category.html]
[internee.pk/wp-content/themes/custom-theme/img/callout-banner/calloutbanner-bg-gf.html]
[internee.pk/v.html]
[internee.pk/js/jquery.min.html]
[internee.pk/js/bootstrap.min.html]
[internee.pk/js/owl.carousel.min.html]
[internee.pk/js/counter.html]
[internee.pk/js/custom.html]
[internee.pk/CookieConsentByFineshop=Accepted; max-age=2592000; path=/index.html]
[internee.pk/images/logos/flutter.html]
